// Jest Snapshot v1, https://goo.gl/fbAQLP

exports[`Pages - SportsPage Index is snapshotable 1`] = `
<div
  style={
    Object {
      "display": "block",
      "width": "100%",
    }
  }
>
  <h1
    className="text-center"
  >
    SUBMITTING...
  </h1>
  <div
    className="la-ball-atom la-vw-sm"
    style={
      Object {
        "color": "#00F",
        "marginLeft": "auto",
        "marginRight": "auto",
        "zIndex": 0,
      }
    }
  >
    <div />
    <div />
    <div />
    <div />
  </div>
</div>
`;

exports[`Pages - SportsPage New is snapshotable 1`] = `
<div
  style={
    Object {
      "display": "block",
      "width": "100%",
    }
  }
>
  <h1
    className="text-center"
  >
    SUBMITTING...
  </h1>
  <div
    className="la-ball-atom la-vw-sm"
    style={
      Object {
        "color": "#00F",
        "marginLeft": "auto",
        "marginRight": "auto",
        "zIndex": 0,
      }
    }
  >
    <div />
    <div />
    <div />
    <div />
  </div>
</div>
`;

exports[`Pages - SportsPage Show is snapshotable 1`] = `
<div
  style={
    Object {
      "display": "block",
      "width": "100%",
    }
  }
>
  <h1
    className="text-center"
  >
    SUBMITTING...
  </h1>
  <div
    className="la-ball-atom la-vw-sm"
    style={
      Object {
        "color": "#00F",
        "marginLeft": "auto",
        "marginRight": "auto",
        "zIndex": 0,
      }
    }
  >
    <div />
    <div />
    <div />
    <div />
  </div>
</div>
`;
